Archive member included because of file (symbol)

/home/kevin/gcc-arm/bin/../lib/gcc/arm-none-eabi/4.8.4/../../../../arm-none-eabi/lib/armv7e-m/fpu/libg.a(lib_a-exit.o)
                              /home/kevin/gcc-arm/bin/../lib/gcc/arm-none-eabi/4.8.4/../../../../arm-none-eabi/lib/armv7e-m/fpu/crt0.o (exit)
/home/kevin/gcc-arm/bin/../lib/gcc/arm-none-eabi/4.8.4/../../../../arm-none-eabi/lib/armv7e-m/fpu/libg.a(lib_a-impure.o)
                              /home/kevin/gcc-arm/bin/../lib/gcc/arm-none-eabi/4.8.4/../../../../arm-none-eabi/lib/armv7e-m/fpu/libg.a(lib_a-exit.o) (_global_impure_ptr)
/home/kevin/gcc-arm/bin/../lib/gcc/arm-none-eabi/4.8.4/../../../../arm-none-eabi/lib/armv7e-m/fpu/libg.a(lib_a-init.o)
                              /home/kevin/gcc-arm/bin/../lib/gcc/arm-none-eabi/4.8.4/../../../../arm-none-eabi/lib/armv7e-m/fpu/crt0.o (__libc_init_array)
/home/kevin/gcc-arm/bin/../lib/gcc/arm-none-eabi/4.8.4/../../../../arm-none-eabi/lib/armv7e-m/fpu/libg.a(lib_a-memset.o)
                              /home/kevin/gcc-arm/bin/../lib/gcc/arm-none-eabi/4.8.4/../../../../arm-none-eabi/lib/armv7e-m/fpu/crt0.o (memset)
/home/kevin/gcc-arm/bin/../lib/gcc/arm-none-eabi/4.8.4/../../../../arm-none-eabi/lib/armv7e-m/fpu/libg.a(lib_a-__call_atexit.o)
                              /home/kevin/gcc-arm/bin/../lib/gcc/arm-none-eabi/4.8.4/../../../../arm-none-eabi/lib/armv7e-m/fpu/libg.a(lib_a-exit.o) (__call_exitprocs)
/home/kevin/gcc-arm/bin/../lib/gcc/arm-none-eabi/4.8.4/../../../../arm-none-eabi/lib/armv7e-m/fpu/libg.a(lib_a-atexit.o)
                              /home/kevin/gcc-arm/bin/../lib/gcc/arm-none-eabi/4.8.4/../../../../arm-none-eabi/lib/armv7e-m/fpu/libg.a(lib_a-__call_atexit.o) (atexit)
/home/kevin/gcc-arm/bin/../lib/gcc/arm-none-eabi/4.8.4/../../../../arm-none-eabi/lib/armv7e-m/fpu/libg.a(lib_a-fini.o)
                              /home/kevin/gcc-arm/bin/../lib/gcc/arm-none-eabi/4.8.4/../../../../arm-none-eabi/lib/armv7e-m/fpu/libg.a(lib_a-__call_atexit.o) (__libc_fini_array)
/home/kevin/gcc-arm/bin/../lib/gcc/arm-none-eabi/4.8.4/../../../../arm-none-eabi/lib/armv7e-m/fpu/libg.a(lib_a-__atexit.o)
                              /home/kevin/gcc-arm/bin/../lib/gcc/arm-none-eabi/4.8.4/../../../../arm-none-eabi/lib/armv7e-m/fpu/libg.a(lib_a-atexit.o) (__register_exitproc)

Discarded input sections

 .text          0x00000000        0x0 /home/kevin/gcc-arm/bin/../lib/gcc/arm-none-eabi/4.8.4/armv7e-m/fpu/crti.o
 .data          0x00000000        0x0 /home/kevin/gcc-arm/bin/../lib/gcc/arm-none-eabi/4.8.4/armv7e-m/fpu/crti.o
 .bss           0x00000000        0x0 /home/kevin/gcc-arm/bin/../lib/gcc/arm-none-eabi/4.8.4/armv7e-m/fpu/crti.o
 .text          0x00000000       0x54 /home/kevin/gcc-arm/bin/../lib/gcc/arm-none-eabi/4.8.4/armv7e-m/fpu/crtbegin.o
 .data          0x00000000        0x4 /home/kevin/gcc-arm/bin/../lib/gcc/arm-none-eabi/4.8.4/armv7e-m/fpu/crtbegin.o
 .bss           0x00000000       0x1c /home/kevin/gcc-arm/bin/../lib/gcc/arm-none-eabi/4.8.4/armv7e-m/fpu/crtbegin.o
 .init_array    0x00000000        0x4 /home/kevin/gcc-arm/bin/../lib/gcc/arm-none-eabi/4.8.4/armv7e-m/fpu/crtbegin.o
 .fini_array    0x00000000        0x4 /home/kevin/gcc-arm/bin/../lib/gcc/arm-none-eabi/4.8.4/armv7e-m/fpu/crtbegin.o
 .eh_frame      0x00000000        0x0 /home/kevin/gcc-arm/bin/../lib/gcc/arm-none-eabi/4.8.4/armv7e-m/fpu/crtbegin.o
 .jcr           0x00000000        0x0 /home/kevin/gcc-arm/bin/../lib/gcc/arm-none-eabi/4.8.4/armv7e-m/fpu/crtbegin.o
 .ARM.attributes
                0x00000000       0x34 /home/kevin/gcc-arm/bin/../lib/gcc/arm-none-eabi/4.8.4/armv7e-m/fpu/crtbegin.o
 .text          0x00000000       0x74 /home/kevin/gcc-arm/bin/../lib/gcc/arm-none-eabi/4.8.4/../../../../arm-none-eabi/lib/armv7e-m/fpu/crt0.o
 .data          0x00000000        0x0 /home/kevin/gcc-arm/bin/../lib/gcc/arm-none-eabi/4.8.4/../../../../arm-none-eabi/lib/armv7e-m/fpu/crt0.o
 .bss           0x00000000        0x0 /home/kevin/gcc-arm/bin/../lib/gcc/arm-none-eabi/4.8.4/../../../../arm-none-eabi/lib/armv7e-m/fpu/crt0.o
 .ARM.extab     0x00000000        0x0 /home/kevin/gcc-arm/bin/../lib/gcc/arm-none-eabi/4.8.4/../../../../arm-none-eabi/lib/armv7e-m/fpu/crt0.o
 .ARM.exidx     0x00000000        0x8 /home/kevin/gcc-arm/bin/../lib/gcc/arm-none-eabi/4.8.4/../../../../arm-none-eabi/lib/armv7e-m/fpu/crt0.o
 .ARM.attributes
                0x00000000       0x20 /home/kevin/gcc-arm/bin/../lib/gcc/arm-none-eabi/4.8.4/../../../../arm-none-eabi/lib/armv7e-m/fpu/crt0.o
 .text          0x00000000        0x0 /tmp/ccyKRvHT.o
 .data          0x00000000        0x0 /tmp/ccyKRvHT.o
 .bss           0x00000000        0x0 /tmp/ccyKRvHT.o
 .text          0x00000000        0x0 /tmp/ccGlZCvQ.o
 .data          0x00000000        0x0 /tmp/ccGlZCvQ.o
 .bss           0x00000000        0x0 /tmp/ccGlZCvQ.o
 .text.SystemCoreClockUpdate
                0x00000000       0x64 /tmp/ccGlZCvQ.o
 .data.AHBPrescTable
                0x00000000       0x10 /tmp/ccGlZCvQ.o
 .text          0x00000000       0x14 /tmp/ccyqwrMN.o
 .data          0x00000000        0x0 /tmp/ccyqwrMN.o
 .bss           0x00000000        0x0 /tmp/ccyqwrMN.o
 .text          0x00000000        0x0 /home/kevin/gcc-arm/bin/../lib/gcc/arm-none-eabi/4.8.4/../../../../arm-none-eabi/lib/armv7e-m/fpu/libg.a(lib_a-exit.o)
 .data          0x00000000        0x0 /home/kevin/gcc-arm/bin/../lib/gcc/arm-none-eabi/4.8.4/../../../../arm-none-eabi/lib/armv7e-m/fpu/libg.a(lib_a-exit.o)
 .bss           0x00000000        0x0 /home/kevin/gcc-arm/bin/../lib/gcc/arm-none-eabi/4.8.4/../../../../arm-none-eabi/lib/armv7e-m/fpu/libg.a(lib_a-exit.o)
 .text.exit     0x00000000       0x20 /home/kevin/gcc-arm/bin/../lib/gcc/arm-none-eabi/4.8.4/../../../../arm-none-eabi/lib/armv7e-m/fpu/libg.a(lib_a-exit.o)
 .ARM.attributes
                0x00000000       0x34 /home/kevin/gcc-arm/bin/../lib/gcc/arm-none-eabi/4.8.4/../../../../arm-none-eabi/lib/armv7e-m/fpu/libg.a(lib_a-exit.o)
 .debug_frame   0x00000000       0x28 /home/kevin/gcc-arm/bin/../lib/gcc/arm-none-eabi/4.8.4/../../../../arm-none-eabi/lib/armv7e-m/fpu/libg.a(lib_a-exit.o)
 .text          0x00000000        0x0 /home/kevin/gcc-arm/bin/../lib/gcc/arm-none-eabi/4.8.4/../../../../arm-none-eabi/lib/armv7e-m/fpu/libg.a(lib_a-impure.o)
 .data          0x00000000        0x0 /home/kevin/gcc-arm/bin/../lib/gcc/arm-none-eabi/4.8.4/../../../../arm-none-eabi/lib/armv7e-m/fpu/libg.a(lib_a-impure.o)
 .bss           0x00000000        0x0 /home/kevin/gcc-arm/bin/../lib/gcc/arm-none-eabi/4.8.4/../../../../arm-none-eabi/lib/armv7e-m/fpu/libg.a(lib_a-impure.o)
 .data.impure_data
                0x00000000      0x428 /home/kevin/gcc-arm/bin/../lib/gcc/arm-none-eabi/4.8.4/../../../../arm-none-eabi/lib/armv7e-m/fpu/libg.a(lib_a-impure.o)
 .data._impure_ptr
                0x00000000        0x4 /home/kevin/gcc-arm/bin/../lib/gcc/arm-none-eabi/4.8.4/../../../../arm-none-eabi/lib/armv7e-m/fpu/libg.a(lib_a-impure.o)
 .rodata.str1.4
                0x00000000        0x4 /home/kevin/gcc-arm/bin/../lib/gcc/arm-none-eabi/4.8.4/../../../../arm-none-eabi/lib/armv7e-m/fpu/libg.a(lib_a-impure.o)
 .rodata._global_impure_ptr
                0x00000000        0x4 /home/kevin/gcc-arm/bin/../lib/gcc/arm-none-eabi/4.8.4/../../../../arm-none-eabi/lib/armv7e-m/fpu/libg.a(lib_a-impure.o)
 .ARM.attributes
                0x00000000       0x34 /home/kevin/gcc-arm/bin/../lib/gcc/arm-none-eabi/4.8.4/../../../../arm-none-eabi/lib/armv7e-m/fpu/libg.a(lib_a-impure.o)
 .text          0x00000000        0x0 /home/kevin/gcc-arm/bin/../lib/gcc/arm-none-eabi/4.8.4/../../../../arm-none-eabi/lib/armv7e-m/fpu/libg.a(lib_a-init.o)
 .data          0x00000000        0x0 /home/kevin/gcc-arm/bin/../lib/gcc/arm-none-eabi/4.8.4/../../../../arm-none-eabi/lib/armv7e-m/fpu/libg.a(lib_a-init.o)
 .bss           0x00000000        0x0 /home/kevin/gcc-arm/bin/../lib/gcc/arm-none-eabi/4.8.4/../../../../arm-none-eabi/lib/armv7e-m/fpu/libg.a(lib_a-init.o)
 .text          0x00000000        0x0 /home/kevin/gcc-arm/bin/../lib/gcc/arm-none-eabi/4.8.4/../../../../arm-none-eabi/lib/armv7e-m/fpu/libg.a(lib_a-memset.o)
 .data          0x00000000        0x0 /home/kevin/gcc-arm/bin/../lib/gcc/arm-none-eabi/4.8.4/../../../../arm-none-eabi/lib/armv7e-m/fpu/libg.a(lib_a-memset.o)
 .bss           0x00000000        0x0 /home/kevin/gcc-arm/bin/../lib/gcc/arm-none-eabi/4.8.4/../../../../arm-none-eabi/lib/armv7e-m/fpu/libg.a(lib_a-memset.o)
 .text.memset   0x00000000       0x94 /home/kevin/gcc-arm/bin/../lib/gcc/arm-none-eabi/4.8.4/../../../../arm-none-eabi/lib/armv7e-m/fpu/libg.a(lib_a-memset.o)
 .ARM.attributes
                0x00000000       0x34 /home/kevin/gcc-arm/bin/../lib/gcc/arm-none-eabi/4.8.4/../../../../arm-none-eabi/lib/armv7e-m/fpu/libg.a(lib_a-memset.o)
 .debug_frame   0x00000000       0x2c /home/kevin/gcc-arm/bin/../lib/gcc/arm-none-eabi/4.8.4/../../../../arm-none-eabi/lib/armv7e-m/fpu/libg.a(lib_a-memset.o)
 .text          0x00000000        0x0 /home/kevin/gcc-arm/bin/../lib/gcc/arm-none-eabi/4.8.4/../../../../arm-none-eabi/lib/armv7e-m/fpu/libg.a(lib_a-__call_atexit.o)
 .data          0x00000000        0x0 /home/kevin/gcc-arm/bin/../lib/gcc/arm-none-eabi/4.8.4/../../../../arm-none-eabi/lib/armv7e-m/fpu/libg.a(lib_a-__call_atexit.o)
 .bss           0x00000000        0x0 /home/kevin/gcc-arm/bin/../lib/gcc/arm-none-eabi/4.8.4/../../../../arm-none-eabi/lib/armv7e-m/fpu/libg.a(lib_a-__call_atexit.o)
 .text.startup.register_fini
                0x00000000       0x14 /home/kevin/gcc-arm/bin/../lib/gcc/arm-none-eabi/4.8.4/../../../../arm-none-eabi/lib/armv7e-m/fpu/libg.a(lib_a-__call_atexit.o)
 .init_array.00000
                0x00000000        0x4 /home/kevin/gcc-arm/bin/../lib/gcc/arm-none-eabi/4.8.4/../../../../arm-none-eabi/lib/armv7e-m/fpu/libg.a(lib_a-__call_atexit.o)
 .text.__call_exitprocs
                0x00000000       0xf0 /home/kevin/gcc-arm/bin/../lib/gcc/arm-none-eabi/4.8.4/../../../../arm-none-eabi/lib/armv7e-m/fpu/libg.a(lib_a-__call_atexit.o)
 .ARM.attributes
                0x00000000       0x34 /home/kevin/gcc-arm/bin/../lib/gcc/arm-none-eabi/4.8.4/../../../../arm-none-eabi/lib/armv7e-m/fpu/libg.a(lib_a-__call_atexit.o)
 .debug_frame   0x00000000       0x48 /home/kevin/gcc-arm/bin/../lib/gcc/arm-none-eabi/4.8.4/../../../../arm-none-eabi/lib/armv7e-m/fpu/libg.a(lib_a-__call_atexit.o)
 .text          0x00000000        0x0 /home/kevin/gcc-arm/bin/../lib/gcc/arm-none-eabi/4.8.4/../../../../arm-none-eabi/lib/armv7e-m/fpu/libg.a(lib_a-atexit.o)
 .data          0x00000000        0x0 /home/kevin/gcc-arm/bin/../lib/gcc/arm-none-eabi/4.8.4/../../../../arm-none-eabi/lib/armv7e-m/fpu/libg.a(lib_a-atexit.o)
 .bss           0x00000000        0x0 /home/kevin/gcc-arm/bin/../lib/gcc/arm-none-eabi/4.8.4/../../../../arm-none-eabi/lib/armv7e-m/fpu/libg.a(lib_a-atexit.o)
 .text.atexit   0x00000000        0xc /home/kevin/gcc-arm/bin/../lib/gcc/arm-none-eabi/4.8.4/../../../../arm-none-eabi/lib/armv7e-m/fpu/libg.a(lib_a-atexit.o)
 .ARM.attributes
                0x00000000       0x34 /home/kevin/gcc-arm/bin/../lib/gcc/arm-none-eabi/4.8.4/../../../../arm-none-eabi/lib/armv7e-m/fpu/libg.a(lib_a-atexit.o)
 .debug_frame   0x00000000       0x20 /home/kevin/gcc-arm/bin/../lib/gcc/arm-none-eabi/4.8.4/../../../../arm-none-eabi/lib/armv7e-m/fpu/libg.a(lib_a-atexit.o)
 .text          0x00000000        0x0 /home/kevin/gcc-arm/bin/../lib/gcc/arm-none-eabi/4.8.4/../../../../arm-none-eabi/lib/armv7e-m/fpu/libg.a(lib_a-fini.o)
 .data          0x00000000        0x0 /home/kevin/gcc-arm/bin/../lib/gcc/arm-none-eabi/4.8.4/../../../../arm-none-eabi/lib/armv7e-m/fpu/libg.a(lib_a-fini.o)
 .bss           0x00000000        0x0 /home/kevin/gcc-arm/bin/../lib/gcc/arm-none-eabi/4.8.4/../../../../arm-none-eabi/lib/armv7e-m/fpu/libg.a(lib_a-fini.o)
 .text.__libc_fini_array
                0x00000000       0x30 /home/kevin/gcc-arm/bin/../lib/gcc/arm-none-eabi/4.8.4/../../../../arm-none-eabi/lib/armv7e-m/fpu/libg.a(lib_a-fini.o)
 .ARM.attributes
                0x00000000       0x34 /home/kevin/gcc-arm/bin/../lib/gcc/arm-none-eabi/4.8.4/../../../../arm-none-eabi/lib/armv7e-m/fpu/libg.a(lib_a-fini.o)
 .debug_frame   0x00000000       0x2c /home/kevin/gcc-arm/bin/../lib/gcc/arm-none-eabi/4.8.4/../../../../arm-none-eabi/lib/armv7e-m/fpu/libg.a(lib_a-fini.o)
 .text          0x00000000        0x0 /home/kevin/gcc-arm/bin/../lib/gcc/arm-none-eabi/4.8.4/../../../../arm-none-eabi/lib/armv7e-m/fpu/libg.a(lib_a-__atexit.o)
 .data          0x00000000        0x0 /home/kevin/gcc-arm/bin/../lib/gcc/arm-none-eabi/4.8.4/../../../../arm-none-eabi/lib/armv7e-m/fpu/libg.a(lib_a-__atexit.o)
 .bss           0x00000000        0x0 /home/kevin/gcc-arm/bin/../lib/gcc/arm-none-eabi/4.8.4/../../../../arm-none-eabi/lib/armv7e-m/fpu/libg.a(lib_a-__atexit.o)
 .text.__register_exitproc
                0x00000000       0xa8 /home/kevin/gcc-arm/bin/../lib/gcc/arm-none-eabi/4.8.4/../../../../arm-none-eabi/lib/armv7e-m/fpu/libg.a(lib_a-__atexit.o)
 .ARM.attributes
                0x00000000       0x34 /home/kevin/gcc-arm/bin/../lib/gcc/arm-none-eabi/4.8.4/../../../../arm-none-eabi/lib/armv7e-m/fpu/libg.a(lib_a-__atexit.o)
 .debug_frame   0x00000000       0x30 /home/kevin/gcc-arm/bin/../lib/gcc/arm-none-eabi/4.8.4/../../../../arm-none-eabi/lib/armv7e-m/fpu/libg.a(lib_a-__atexit.o)
 .text          0x00000000        0x0 /home/kevin/gcc-arm/bin/../lib/gcc/arm-none-eabi/4.8.4/armv7e-m/fpu/crtend.o
 .data          0x00000000        0x0 /home/kevin/gcc-arm/bin/../lib/gcc/arm-none-eabi/4.8.4/armv7e-m/fpu/crtend.o
 .bss           0x00000000        0x0 /home/kevin/gcc-arm/bin/../lib/gcc/arm-none-eabi/4.8.4/armv7e-m/fpu/crtend.o
 .eh_frame      0x00000000        0x4 /home/kevin/gcc-arm/bin/../lib/gcc/arm-none-eabi/4.8.4/armv7e-m/fpu/crtend.o
 .jcr           0x00000000        0x4 /home/kevin/gcc-arm/bin/../lib/gcc/arm-none-eabi/4.8.4/armv7e-m/fpu/crtend.o
 .ARM.attributes
                0x00000000       0x34 /home/kevin/gcc-arm/bin/../lib/gcc/arm-none-eabi/4.8.4/armv7e-m/fpu/crtend.o
 .text          0x00000000        0x0 /home/kevin/gcc-arm/bin/../lib/gcc/arm-none-eabi/4.8.4/armv7e-m/fpu/crtn.o
 .data          0x00000000        0x0 /home/kevin/gcc-arm/bin/../lib/gcc/arm-none-eabi/4.8.4/armv7e-m/fpu/crtn.o
 .bss           0x00000000        0x0 /home/kevin/gcc-arm/bin/../lib/gcc/arm-none-eabi/4.8.4/armv7e-m/fpu/crtn.o

Memory Configuration

Name             Origin             Length             Attributes
FLASH            0x08000000         0x00040000         xr
RAM              0x20000000         0x00008000         xrw
*default*        0x00000000         0xffffffff

Linker script and memory map

LOAD /home/kevin/gcc-arm/bin/../lib/gcc/arm-none-eabi/4.8.4/armv7e-m/fpu/crti.o
LOAD /home/kevin/gcc-arm/bin/../lib/gcc/arm-none-eabi/4.8.4/armv7e-m/fpu/crtbegin.o
LOAD /home/kevin/gcc-arm/bin/../lib/gcc/arm-none-eabi/4.8.4/../../../../arm-none-eabi/lib/armv7e-m/fpu/crt0.o
LOAD /tmp/ccyKRvHT.o
LOAD /tmp/ccGlZCvQ.o
LOAD /tmp/ccyqwrMN.o
LOAD ../stm32f3-discovery-basic-template/Libraries/libstm32f3.a
START GROUP
LOAD /home/kevin/gcc-arm/bin/../lib/gcc/arm-none-eabi/4.8.4/armv7e-m/fpu/libgcc.a
LOAD /home/kevin/gcc-arm/bin/../lib/gcc/arm-none-eabi/4.8.4/../../../../arm-none-eabi/lib/armv7e-m/fpu/libg.a
LOAD /home/kevin/gcc-arm/bin/../lib/gcc/arm-none-eabi/4.8.4/../../../../arm-none-eabi/lib/armv7e-m/fpu/libc.a
END GROUP
LOAD /home/kevin/gcc-arm/bin/../lib/gcc/arm-none-eabi/4.8.4/armv7e-m/fpu/crtend.o
LOAD /home/kevin/gcc-arm/bin/../lib/gcc/arm-none-eabi/4.8.4/armv7e-m/fpu/crtn.o
                0x20008000                _estack = 0x20008000

.isr_vector     0x08000000      0x188
                0x08000000                . = ALIGN (0x4)
 *(.isr_vector)
 .isr_vector    0x08000000      0x188 /tmp/ccyqwrMN.o
                0x08000000                g_pfnVectors
                0x08000188                . = ALIGN (0x4)

.text           0x08000188      0x234
                0x08000188                . = ALIGN (0x4)
 *(.text)
 *(.text.*)
 .text.SysTick_Handler
                0x08000188       0x28 /tmp/ccyKRvHT.o
                0x08000188                SysTick_Handler
 .text.startup.main
                0x080001b0       0x50 /tmp/ccyKRvHT.o
                0x080001b0                main
 .text.SystemInit
                0x08000200       0xfc /tmp/ccGlZCvQ.o
                0x08000200                SystemInit
 .text.Reset_Handler
                0x080002fc       0x54 /tmp/ccyqwrMN.o
                0x080002fc                Reset_Handler
 .text.Default_Handler
                0x08000350        0x4 /tmp/ccyqwrMN.o
                0x08000350                RTC_Alarm_IRQHandler
                0x08000350                TIM8_TRG_COM_IRQHandler
                0x08000350                TIM8_CC_IRQHandler
                0x08000350                DebugMon_Handler
                0x08000350                TIM1_CC_IRQHandler
                0x08000350                HardFault_Handler
                0x08000350                USB_HP_IRQHandler
                0x08000350                PVD_IRQHandler
                0x08000350                PendSV_Handler
                0x08000350                NMI_Handler
                0x08000350                EXTI3_IRQHandler
                0x08000350                EXTI0_IRQHandler
                0x08000350                I2C2_EV_IRQHandler
                0x08000350                FPU_IRQHandler
                0x08000350                EXTI2_TS_IRQHandler
                0x08000350                TIM1_UP_TIM16_IRQHandler
                0x08000350                UsageFault_Handler
                0x08000350                ADC1_2_IRQHandler
                0x08000350                SPI1_IRQHandler
                0x08000350                TIM6_DAC_IRQHandler
                0x08000350                TIM8_UP_IRQHandler
                0x08000350                DMA2_Channel2_IRQHandler
                0x08000350                DMA1_Channel4_IRQHandler
                0x08000350                USART3_IRQHandler
                0x08000350                DMA1_Channel7_IRQHandler
                0x08000350                CAN1_RX1_IRQHandler
                0x08000350                UART5_IRQHandler
                0x08000350                ADC3_IRQHandler
                0x08000350                TIM4_IRQHandler
                0x08000350                DMA2_Channel1_IRQHandler
                0x08000350                I2C1_EV_IRQHandler
                0x08000350                DMA1_Channel6_IRQHandler
                0x08000350                UART4_IRQHandler
                0x08000350                DMA2_Channel4_IRQHandler
                0x08000350                TIM3_IRQHandler
                0x08000350                RCC_IRQHandler
                0x08000350                DMA1_Channel1_IRQHandler
                0x08000350                Default_Handler
                0x08000350                USBWakeUp_RMP_IRQHandler
                0x08000350                EXTI15_10_IRQHandler
                0x08000350                TIM7_IRQHandler
                0x08000350                EXTI9_5_IRQHandler
                0x08000350                TAMPER_STAMP_IRQHandler
                0x08000350                RTC_WKUP_IRQHandler
                0x08000350                SPI2_IRQHandler
                0x08000350                MemManage_Handler
                0x08000350                SVC_Handler
                0x08000350                DMA2_Channel5_IRQHandler
                0x08000350                DMA1_Channel5_IRQHandler
                0x08000350                USB_LP_IRQHandler
                0x08000350                EXTI4_IRQHandler
                0x08000350                USB_LP_CAN1_RX0_IRQHandler
                0x08000350                TIM1_TRG_COM_TIM17_IRQHandler
                0x08000350                USB_HP_CAN1_TX_IRQHandler
                0x08000350                DMA1_Channel3_IRQHandler
                0x08000350                ADC4_IRQHandler
                0x08000350                WWDG_IRQHandler
                0x08000350                TIM2_IRQHandler
                0x08000350                COMP7_IRQHandler
                0x08000350                COMP1_2_3_IRQHandler
                0x08000350                EXTI1_IRQHandler
                0x08000350                USART2_IRQHandler
                0x08000350                COMP4_5_6_IRQHandler
                0x08000350                I2C2_ER_IRQHandler
                0x08000350                DMA1_Channel2_IRQHandler
                0x08000350                TIM8_BRK_IRQHandler
                0x08000350                CAN1_SCE_IRQHandler
                0x08000350                FLASH_IRQHandler
                0x08000350                BusFault_Handler
                0x08000350                USART1_IRQHandler
                0x08000350                SPI3_IRQHandler
                0x08000350                I2C1_ER_IRQHandler
                0x08000350                USBWakeUp_IRQHandler
                0x08000350                DMA2_Channel3_IRQHandler
                0x08000350                TIM1_BRK_TIM15_IRQHandler
 .text.__libc_init_array
                0x08000354       0x50 /home/kevin/gcc-arm/bin/../lib/gcc/arm-none-eabi/4.8.4/../../../../arm-none-eabi/lib/armv7e-m/fpu/libg.a(lib_a-init.o)
                0x08000354                __libc_init_array
 *(.rodata)
 *(.rodata*)
 *(.glue_7)
 .glue_7        0x00000000        0x0 linker stubs
 *(.glue_7t)
 .glue_7t       0x00000000        0x0 linker stubs
 *(.init)
 .init          0x080003a4        0x4 /home/kevin/gcc-arm/bin/../lib/gcc/arm-none-eabi/4.8.4/armv7e-m/fpu/crti.o
                0x080003a4                _init
 .init          0x080003a8        0x8 /home/kevin/gcc-arm/bin/../lib/gcc/arm-none-eabi/4.8.4/armv7e-m/fpu/crtn.o
 *(.fini)
 .fini          0x080003b0        0x4 /home/kevin/gcc-arm/bin/../lib/gcc/arm-none-eabi/4.8.4/armv7e-m/fpu/crti.o
                0x080003b0                _fini
 .fini          0x080003b4        0x8 /home/kevin/gcc-arm/bin/../lib/gcc/arm-none-eabi/4.8.4/armv7e-m/fpu/crtn.o
                0x080003bc                . = ALIGN (0x4)
                0x080003bc                _etext = .
                0x080003bc                _sidata = _etext

.vfp11_veneer   0x080003bc        0x0
 .vfp11_veneer  0x00000000        0x0 linker stubs

.v4_bx          0x080003bc        0x0
 .v4_bx         0x00000000        0x0 linker stubs

.iplt           0x080003bc        0x0
 .iplt          0x00000000        0x0 /home/kevin/gcc-arm/bin/../lib/gcc/arm-none-eabi/4.8.4/armv7e-m/fpu/crtbegin.o

.rel.dyn        0x080003bc        0x0
 .rel.iplt      0x00000000        0x0 /home/kevin/gcc-arm/bin/../lib/gcc/arm-none-eabi/4.8.4/armv7e-m/fpu/crtbegin.o

.data           0x20000000        0x4 load address 0x080003bc
                0x20000000                . = ALIGN (0x4)
                0x20000000                _sdata = .
                0x20000000                _data = .
 *(.data)
 *(.data.*)
 .data.SystemCoreClock
                0x20000000        0x4 /tmp/ccGlZCvQ.o
                0x20000000                SystemCoreClock
 *(.RAMtext)
                0x20000004                . = ALIGN (0x4)
                0x20000004                _edata = .

.igot.plt       0x20000004        0x0 load address 0x080003c0
 .igot.plt      0x00000000        0x0 /home/kevin/gcc-arm/bin/../lib/gcc/arm-none-eabi/4.8.4/armv7e-m/fpu/crtbegin.o

.bss            0x20000004        0x4 load address 0x080003c0
                0x20000004                . = ALIGN (0x4)
                0x20000004                _sbss = .
                0x20000004                _bss = .
 *(.bss)
 *(.bss.*)
 .bss.tick.6969
                0x20000004        0x2 /tmp/ccyKRvHT.o
 *(COMMON)
                0x20000008                . = ALIGN (0x4)
 *fill*         0x20000006        0x2 
                0x20000008                _ebss = .
                0x20000008                PROVIDE (end, _ebss)
                0x20000008                PROVIDE (_end, _ebss)
                0x20000008                __exidx_start = .
                0x20000008                __exidx_end = .

/DISCARD/
 libc.a(*)
 libm.a(*)
 libgcc.a(*)

.stab
 *(.stab)

.stabstr
 *(.stabstr)

.stab.excl
 *(.stab.excl)

.stab.exclstr
 *(.stab.exclstr)

.stab.index
 *(.stab.index)

.stab.indexstr
 *(.stab.indexstr)

.comment        0x00000000       0x70
 *(.comment)
 .comment       0x00000000       0x70 /tmp/ccyKRvHT.o
                                 0x71 (size before relaxing)
 .comment       0x00000000       0x71 /tmp/ccGlZCvQ.o

.ARM.attributes
                0x00000000       0x30
 .ARM.attributes
                0x00000000       0x22 /home/kevin/gcc-arm/bin/../lib/gcc/arm-none-eabi/4.8.4/armv7e-m/fpu/crti.o
 .ARM.attributes
                0x00000022       0x39 /tmp/ccyKRvHT.o
 .ARM.attributes
                0x0000005b       0x39 /tmp/ccGlZCvQ.o
 .ARM.attributes
                0x00000094       0x21 /tmp/ccyqwrMN.o
 .ARM.attributes
                0x000000b5       0x34 /home/kevin/gcc-arm/bin/../lib/gcc/arm-none-eabi/4.8.4/../../../../arm-none-eabi/lib/armv7e-m/fpu/libg.a(lib_a-init.o)
 .ARM.attributes
                0x000000e9       0x22 /home/kevin/gcc-arm/bin/../lib/gcc/arm-none-eabi/4.8.4/armv7e-m/fpu/crtn.o

.debug
 *(.debug)

.line
 *(.line)

.debug_srcinfo
 *(.debug_srcinfo)

.debug_sfnames
 *(.debug_sfnames)

.debug_aranges  0x00000000       0x78
 *(.debug_aranges)
 .debug_aranges
                0x00000000       0x28 /tmp/ccyKRvHT.o
 .debug_aranges
                0x00000028       0x28 /tmp/ccGlZCvQ.o
 .debug_aranges
                0x00000050       0x28 /tmp/ccyqwrMN.o

.debug_pubnames
 *(.debug_pubnames)

.debug_info     0x00000000      0xd73
 *(.debug_info .gnu.linkonce.wi.*)
 .debug_info    0x00000000      0x826 /tmp/ccyKRvHT.o
 .debug_info    0x00000826      0x4bc /tmp/ccGlZCvQ.o
 .debug_info    0x00000ce2       0x91 /tmp/ccyqwrMN.o

.debug_abbrev   0x00000000      0x303
 *(.debug_abbrev)
 .debug_abbrev  0x00000000      0x1ac /tmp/ccyKRvHT.o
 .debug_abbrev  0x000001ac      0x145 /tmp/ccGlZCvQ.o
 .debug_abbrev  0x000002f1       0x12 /tmp/ccyqwrMN.o

.debug_line     0x00000000      0x366
 *(.debug_line)
 .debug_line    0x00000000      0x148 /tmp/ccyKRvHT.o
 .debug_line    0x00000148      0x176 /tmp/ccGlZCvQ.o
 .debug_line    0x000002be       0xa8 /tmp/ccyqwrMN.o

.debug_frame    0x00000000       0x98
 *(.debug_frame)
 .debug_frame   0x00000000       0x30 /tmp/ccyKRvHT.o
 .debug_frame   0x00000030       0x3c /tmp/ccGlZCvQ.o
 .debug_frame   0x0000006c       0x2c /home/kevin/gcc-arm/bin/../lib/gcc/arm-none-eabi/4.8.4/../../../../arm-none-eabi/lib/armv7e-m/fpu/libg.a(lib_a-init.o)

.debug_str      0x00000000      0x833
 *(.debug_str)
 .debug_str     0x00000000      0x77e /tmp/ccyKRvHT.o
                                0x7d9 (size before relaxing)
 .debug_str     0x0000077e       0xb5 /tmp/ccGlZCvQ.o
                                0x35a (size before relaxing)

.debug_loc      0x00000000      0x109
 *(.debug_loc)
 .debug_loc     0x00000000       0x3b /tmp/ccyKRvHT.o
 .debug_loc     0x0000003b       0xce /tmp/ccGlZCvQ.o

.debug_macinfo
 *(.debug_macinfo)

.debug_weaknames
 *(.debug_weaknames)

.debug_funcnames
 *(.debug_funcnames)

.debug_typenames
 *(.debug_typenames)

.debug_varnames
 *(.debug_varnames)
OUTPUT(main.elf elf32-littlearm)

.debug_ranges   0x00000000       0x68
 .debug_ranges  0x00000000       0x18 /tmp/ccyKRvHT.o
 .debug_ranges  0x00000018       0x30 /tmp/ccGlZCvQ.o
 .debug_ranges  0x00000048       0x20 /tmp/ccyqwrMN.o
